\BOOKMARK [0][-]{chapter.1}{\376\377\000I\000n\000t\000r\000o\000d\000u\000c\000c\000i\000\363\000n}{}% 1
\BOOKMARK [1][-]{section.1.1}{\376\377\000P\000r\000o\000p\000\363\000s\000i\000t\000o\000\040\000d\000e\000l\000\040\000d\000o\000c\000u\000m\000e\000n\000t\000o}{chapter.1}% 2
\BOOKMARK [1][-]{section.1.2}{\376\377\000A\000l\000c\000a\000n\000c\000e\000\040\000d\000e\000l\000\040\000s\000i\000s\000t\000e\000m\000a}{chapter.1}% 3
\BOOKMARK [1][-]{section.1.3}{\376\377\000V\000i\000s\000i\000\363\000n\000\040\000d\000e\000l\000\040\000p\000r\000o\000d\000u\000c\000t\000o}{chapter.1}% 4
\BOOKMARK [1][-]{section.1.4}{\376\377\000D\000e\000f\000i\000n\000i\000c\000i\000o\000n\000e\000s\000,\000\040\000a\000c\000r\000\363\000n\000i\000m\000o\000s\000\040\000y\000\040\000a\000b\000r\000e\000v\000i\000a\000t\000u\000r\000a\000s}{chapter.1}% 5
\BOOKMARK [0][-]{chapter.2}{\376\377\000A\000c\000t\000o\000r\000e\000s\000\040\000y\000\040\000S\000t\000a\000k\000e\000h\000o\000l\000d\000e\000r\000s}{}% 6
\BOOKMARK [1][-]{section.2.1}{\376\377\000A\000c\000t\000o\000r\000e\000s\000\040\000d\000e\000l\000\040\000s\000i\000s\000t\000e\000m\000a}{chapter.2}% 7
\BOOKMARK [1][-]{section.2.2}{\376\377\000S\000t\000a\000k\000e\000h\000o\000l\000d\000e\000r\000s}{chapter.2}% 8
\BOOKMARK [0][-]{chapter.3}{\376\377\000R\000e\000q\000u\000e\000r\000i\000m\000i\000e\000n\000t\000o\000s\000\040\000d\000e\000l\000\040\000S\000i\000s\000t\000e\000m\000a}{}% 9
\BOOKMARK [1][-]{section.3.1}{\376\377\000R\000e\000q\000u\000e\000r\000i\000m\000i\000e\000n\000t\000o\000s\000\040\000F\000u\000n\000c\000i\000o\000n\000a\000l\000e\000s}{chapter.3}% 10
\BOOKMARK [2][-]{subsection.3.1.1}{\376\377\000M\000\363\000d\000u\000l\000o\000\040\000d\000e\000\040\000A\000u\000t\000e\000n\000t\000i\000c\000a\000c\000i\000\363\000n\000\040\000y\000\040\000G\000e\000s\000t\000i\000\363\000n\000\040\000d\000e\000\040\000U\000s\000u\000a\000r\000i\000o\000s}{section.3.1}% 11
\BOOKMARK [2][-]{subsection.3.1.2}{\376\377\000M\000\363\000d\000u\000l\000o\000\040\000d\000e\000\040\000P\000a\000c\000i\000e\000n\000t\000e\000s\000\040\000y\000\040\000C\000l\000\355\000n\000i\000c\000o}{section.3.1}% 12
\BOOKMARK [2][-]{subsection.3.1.3}{\376\377\000M\000\363\000d\000u\000l\000o\000\040\000d\000e\000\040\000P\000l\000a\000n\000\040\000d\000e\000\040\000T\000r\000a\000t\000a\000m\000i\000e\000n\000t\000o\000\040\000y\000\040\000N\000o\000t\000a\000s\000\040\000C\000l\000\355\000n\000i\000c\000a\000s}{section.3.1}% 13
\BOOKMARK [2][-]{subsection.3.1.4}{\376\377\000M\000\363\000d\000u\000l\000o\000\040\000d\000e\000\040\000R\000u\000t\000i\000n\000a\000s\000\040\000y\000\040\000E\000j\000e\000r\000c\000i\000c\000i\000o\000s}{section.3.1}% 14
\BOOKMARK [2][-]{subsection.3.1.5}{\376\377\000M\000\363\000d\000u\000l\000o\000\040\000d\000e\000\040\000S\000e\000s\000i\000o\000n\000e\000s\000\040\000y\000\040\000F\000e\000e\000d\000b\000a\000c\000k}{section.3.1}% 15
\BOOKMARK [2][-]{subsection.3.1.6}{\376\377\000M\000\363\000d\000u\000l\000o\000\040\000d\000e\000\040\000I\000A\000\040\000y\000\040\000A\000n\000\341\000l\000i\000s\000i\000s}{section.3.1}% 16
\BOOKMARK [2][-]{subsection.3.1.7}{\376\377\000M\000\363\000d\000u\000l\000o\000\040\000d\000e\000\040\000S\000e\000g\000u\000i\000m\000i\000e\000n\000t\000o\000\040\000y\000\040\000R\000e\000p\000o\000r\000t\000e\000s}{section.3.1}% 17
\BOOKMARK [2][-]{subsection.3.1.8}{\376\377\000M\000\363\000d\000u\000l\000o\000\040\000d\000e\000\040\000B\000i\000e\000n\000e\000s\000t\000a\000r}{section.3.1}% 18
\BOOKMARK [2][-]{subsection.3.1.9}{\376\377\000M\000\363\000d\000u\000l\000o\000\040\000d\000e\000\040\000N\000o\000t\000i\000f\000i\000c\000a\000c\000i\000o\000n\000e\000s}{section.3.1}% 19
\BOOKMARK [2][-]{subsection.3.1.10}{\376\377\000M\000\363\000d\000u\000l\000o\000\040\000d\000e\000\040\000A\000g\000e\000n\000d\000a\000\040\000y\000\040\000C\000i\000t\000a\000s}{section.3.1}% 20
\BOOKMARK [1][-]{section.3.2}{\376\377\000R\000e\000q\000u\000e\000r\000i\000m\000i\000e\000n\000t\000o\000s\000\040\000N\000o\000\040\000F\000u\000n\000c\000i\000o\000n\000a\000l\000e\000s}{chapter.3}% 21
\BOOKMARK [2][-]{subsection.3.2.1}{\376\377\000R\000e\000n\000d\000i\000m\000i\000e\000n\000t\000o}{section.3.2}% 22
\BOOKMARK [2][-]{subsection.3.2.2}{\376\377\000E\000s\000c\000a\000l\000a\000b\000i\000l\000i\000d\000a\000d}{section.3.2}% 23
\BOOKMARK [2][-]{subsection.3.2.3}{\376\377\000S\000e\000g\000u\000r\000i\000d\000a\000d}{section.3.2}% 24
\BOOKMARK [2][-]{subsection.3.2.4}{\376\377\000P\000r\000i\000v\000a\000c\000i\000d\000a\000d\000\040\000y\000\040\000c\000u\000m\000p\000l\000i\000m\000i\000e\000n\000t\000o\000\040\000n\000o\000r\000m\000a\000t\000i\000v\000o}{section.3.2}% 25
\BOOKMARK [2][-]{subsection.3.2.5}{\376\377\000D\000i\000s\000p\000o\000n\000i\000b\000i\000l\000i\000d\000a\000d\000\040\000y\000\040\000c\000o\000n\000f\000i\000a\000b\000i\000l\000i\000d\000a\000d}{section.3.2}% 26
\BOOKMARK [2][-]{subsection.3.2.6}{\376\377\000U\000s\000a\000b\000i\000l\000i\000d\000a\000d}{section.3.2}% 27
\BOOKMARK [2][-]{subsection.3.2.7}{\376\377\000M\000a\000n\000t\000e\000n\000i\000b\000i\000l\000i\000d\000a\000d}{section.3.2}% 28
\BOOKMARK [2][-]{subsection.3.2.8}{\376\377\000P\000o\000r\000t\000a\000b\000i\000l\000i\000d\000a\000d\000\040\000e\000\040\000i\000n\000t\000e\000r\000o\000p\000e\000r\000a\000b\000i\000l\000i\000d\000a\000d}{section.3.2}% 29
\BOOKMARK [0][-]{chapter.4}{\376\377\000C\000R\000C\000\040\000C\000a\000r\000d\000s}{}% 30
\BOOKMARK [1][-]{section.4.1}{\376\377\000T\000a\000r\000j\000e\000t\000a\000s\000\040\000C\000R\000C\000\040\000d\000e\000l\000\040\000d\000o\000m\000i\000n\000i\000o}{chapter.4}% 31
\BOOKMARK [2][-]{subsection.4.1.1}{\376\377\000P\000a\000c\000i\000e\000n\000t\000e}{section.4.1}% 32
\BOOKMARK [2][-]{subsection.4.1.2}{\376\377\000T\000e\000r\000a\000p\000e\000u\000t\000a}{section.4.1}% 33
\BOOKMARK [2][-]{subsection.4.1.3}{\376\377\000A\000d\000m\000i\000n\000i\000s\000t\000r\000a\000d\000o\000r}{section.4.1}% 34
\BOOKMARK [2][-]{subsection.4.1.4}{\376\377\000H\000i\000s\000t\000o\000r\000i\000a\000l\000C\000l\000i\000n\000i\000c\000o}{section.4.1}% 35
\BOOKMARK [2][-]{subsection.4.1.5}{\376\377\000D\000i\000a\000g\000n\000o\000s\000t\000i\000c\000o}{section.4.1}% 36
\BOOKMARK [2][-]{subsection.4.1.6}{\376\377\000P\000l\000a\000n\000T\000r\000a\000t\000a\000m\000i\000e\000n\000t\000o}{section.4.1}% 37
\BOOKMARK [2][-]{subsection.4.1.7}{\376\377\000F\000a\000s\000e\000T\000r\000a\000t\000a\000m\000i\000e\000n\000t\000o}{section.4.1}% 38
\BOOKMARK [2][-]{subsection.4.1.8}{\376\377\000N\000o\000t\000a\000C\000l\000i\000n\000i\000c\000a}{section.4.1}% 39
\BOOKMARK [2][-]{subsection.4.1.9}{\376\377\000R\000u\000t\000i\000n\000a}{section.4.1}% 40
\BOOKMARK [2][-]{subsection.4.1.10}{\376\377\000E\000j\000e\000r\000c\000i\000c\000i\000o}{section.4.1}% 41
\BOOKMARK [2][-]{subsection.4.1.11}{\376\377\000P\000a\000r\000a\000m\000e\000t\000r\000o\000s\000E\000j\000e\000r\000c\000i\000c\000i\000o}{section.4.1}% 42
\BOOKMARK [2][-]{subsection.4.1.12}{\376\377\000A\000s\000i\000g\000n\000a\000c\000i\000o\000n\000R\000u\000t\000i\000n\000a}{section.4.1}% 43
\BOOKMARK [2][-]{subsection.4.1.13}{\376\377\000S\000e\000s\000i\000o\000n\000E\000j\000e\000c\000u\000c\000i\000o\000n}{section.4.1}% 44
\BOOKMARK [2][-]{subsection.4.1.14}{\376\377\000F\000e\000e\000d\000b\000a\000c\000k}{section.4.1}% 45
\BOOKMARK [2][-]{subsection.4.1.15}{\376\377\000A\000n\000a\000l\000i\000s\000i\000s\000I\000A}{section.4.1}% 46
\BOOKMARK [2][-]{subsection.4.1.16}{\376\377\000R\000e\000p\000o\000r\000t\000e\000P\000r\000o\000g\000r\000e\000s\000o}{section.4.1}% 47
\BOOKMARK [2][-]{subsection.4.1.17}{\376\377\000C\000i\000t\000a}{section.4.1}% 48
\BOOKMARK [2][-]{subsection.4.1.18}{\376\377\000S\000a\000l\000a}{section.4.1}% 49
\BOOKMARK [2][-]{subsection.4.1.19}{\376\377\000H\000o\000r\000a\000r\000i\000o\000D\000i\000s\000p\000o\000n\000i\000b\000l\000e}{section.4.1}% 50
\BOOKMARK [2][-]{subsection.4.1.20}{\376\377\000R\000e\000c\000o\000r\000d\000a\000t\000o\000r\000i\000o}{section.4.1}% 51
\BOOKMARK [2][-]{subsection.4.1.21}{\376\377\000M\000o\000d\000u\000l\000o\000B\000i\000e\000n\000e\000s\000t\000a\000r}{section.4.1}% 52
\BOOKMARK [1][-]{section.4.2}{\376\377\000D\000i\000a\000g\000r\000a\000m\000a\000\040\000v\000i\000s\000u\000a\000l\000\040\000d\000e\000\040\000C\000R\000C\000\040\000C\000a\000r\000d\000s}{chapter.4}% 53
\BOOKMARK [0][-]{chapter.5}{\376\377\000M\000o\000d\000e\000l\000o\000\040\000C\0004\000\040\000d\000e\000\040\000A\000r\000q\000u\000i\000t\000e\000c\000t\000u\000r\000a}{}% 54
\BOOKMARK [1][-]{section.5.1}{\376\377\000N\000i\000v\000e\000l\000\040\0001\000:\000\040\000D\000i\000a\000g\000r\000a\000m\000a\000\040\000d\000e\000\040\000C\000o\000n\000t\000e\000x\000t\000o}{chapter.5}% 55
\BOOKMARK [2][-]{subsection.5.1.1}{\376\377\000A\000c\000t\000o\000r\000e\000s\000\040\000y\000\040\000s\000i\000s\000t\000e\000m\000a\000s\000\040\000e\000x\000t\000e\000r\000n\000o\000s}{section.5.1}% 56
\BOOKMARK [1][-]{section.5.2}{\376\377\000N\000i\000v\000e\000l\000\040\0002\000:\000\040\000D\000i\000a\000g\000r\000a\000m\000a\000\040\000d\000e\000\040\000C\000o\000n\000t\000e\000n\000e\000d\000o\000r\000e\000s}{chapter.5}% 57
\BOOKMARK [2][-]{subsection.5.2.1}{\376\377\000C\000o\000n\000t\000e\000n\000e\000d\000o\000r\000e\000s\000\040\000p\000r\000i\000n\000c\000i\000p\000a\000l\000e\000s}{section.5.2}% 58
\BOOKMARK [1][-]{section.5.3}{\376\377\000N\000i\000v\000e\000l\000\040\0003\000:\000\040\000D\000i\000a\000g\000r\000a\000m\000a\000\040\000d\000e\000\040\000C\000o\000m\000p\000o\000n\000e\000n\000t\000e\000s}{chapter.5}% 59
\BOOKMARK [2][-]{subsection.5.3.1}{\376\377\000C\000o\000m\000p\000o\000n\000e\000n\000t\000e\000s\000\040\000d\000e\000l\000\040\000S\000e\000r\000v\000i\000c\000i\000o\000\040\000d\000e\000\040\000F\000e\000e\000d\000b\000a\000c\000k}{section.5.3}% 60
\BOOKMARK [0][-]{chapter.6}{\376\377\000C\000R\000R\000\040\040\024\000\040\000C\000o\000m\000p\000o\000n\000e\000n\000t\000\040\000R\000e\000s\000p\000o\000n\000s\000i\000b\000i\000l\000i\000t\000y\000\040\000R\000e\000p\000o\000r\000t}{}% 61
\BOOKMARK [1][-]{section.6.1}{\376\377\000C\000R\000R\000\040\040\024\000\040\000A\000p\000l\000i\000c\000a\000c\000i\000\363\000n\000\040\000W\000e\000b\000\040\000S\000P\000A}{chapter.6}% 62
\BOOKMARK [1][-]{section.6.2}{\376\377\000C\000R\000R\000\040\040\024\000\040\000A\000P\000I\000\040\000G\000a\000t\000e\000w\000a\000y\000\040\000/\000\040\000B\000F\000F}{chapter.6}% 63
\BOOKMARK [1][-]{section.6.3}{\376\377\000C\000R\000R\000\040\040\024\000\040\000S\000e\000r\000v\000i\000c\000i\000o\000\040\000d\000e\000\040\000P\000a\000c\000i\000e\000n\000t\000e\000s}{chapter.6}% 64
\BOOKMARK [1][-]{section.6.4}{\376\377\000C\000R\000R\000\040\040\024\000\040\000S\000e\000r\000v\000i\000c\000i\000o\000\040\000d\000e\000\040\000R\000u\000t\000i\000n\000a\000s}{chapter.6}% 65
\BOOKMARK [1][-]{section.6.5}{\376\377\000C\000R\000R\000\040\040\024\000\040\000S\000e\000r\000v\000i\000c\000i\000o\000\040\000d\000e\000\040\000F\000e\000e\000d\000b\000a\000c\000k}{chapter.6}% 66
\BOOKMARK [1][-]{section.6.6}{\376\377\000C\000R\000R\000\040\040\024\000\040\000S\000e\000r\000v\000i\000c\000i\000o\000\040\000d\000e\000\040\000I\000A\000\040\000/\000\040\000O\000r\000q\000u\000e\000s\000t\000a\000d\000o\000r}{chapter.6}% 67
\BOOKMARK [1][-]{section.6.7}{\376\377\000C\000R\000R\000\040\040\024\000\040\000S\000e\000r\000v\000i\000c\000i\000o\000\040\000d\000e\000\040\000N\000o\000t\000i\000f\000i\000c\000a\000c\000i\000o\000n\000e\000s}{chapter.6}% 68
\BOOKMARK [0][-]{chapter.7}{\376\377\000D\000i\000a\000g\000r\000a\000m\000a\000\040\000d\000e\000\040\000C\000l\000a\000s\000e\000s\000\040\000C\000o\000n\000c\000e\000p\000t\000u\000a\000l\000e\000s}{}% 69
\BOOKMARK [1][-]{section.7.1}{\376\377\000D\000e\000c\000i\000s\000i\000o\000n\000e\000s\000\040\000d\000e\000\040\000m\000o\000d\000e\000l\000a\000d\000o}{chapter.7}% 70
\BOOKMARK [1][-]{section.7.2}{\376\377\000C\000\363\000d\000i\000g\000o\000\040\000P\000l\000a\000n\000t\000U\000M\000L\000\040\000d\000e\000l\000\040\000d\000i\000a\000g\000r\000a\000m\000a}{chapter.7}% 71
\BOOKMARK [0][-]{chapter.8}{\376\377\000D\000i\000a\000g\000r\000a\000m\000a\000\040\000d\000e\000\040\000O\000b\000j\000e\000t\000o\000s}{}% 72
\BOOKMARK [1][-]{section.8.1}{\376\377\000E\000s\000c\000e\000n\000a\000r\000i\000o\000\040\000r\000e\000p\000r\000e\000s\000e\000n\000t\000a\000d\000o}{chapter.8}% 73
\BOOKMARK [1][-]{section.8.2}{\376\377\000P\000r\000o\000p\000\363\000s\000i\000t\000o\000\040\000d\000e\000l\000\040\000d\000i\000a\000g\000r\000a\000m\000a}{chapter.8}% 74
\BOOKMARK [1][-]{section.8.3}{\376\377\000C\000\363\000d\000i\000g\000o\000\040\000P\000l\000a\000n\000t\000U\000M\000L\000\040\000d\000e\000l\000\040\000d\000i\000a\000g\000r\000a\000m\000a}{chapter.8}% 75
\BOOKMARK [0][-]{chapter.9}{\376\377\000D\000i\000a\000g\000r\000a\000m\000a\000\040\000d\000e\000\040\000R\000o\000b\000u\000s\000t\000e\000z}{}% 76
\BOOKMARK [1][-]{section.9.1}{\376\377\000F\000l\000u\000j\000o\000s\000\040\000c\000o\000n\000s\000o\000l\000i\000d\000a\000d\000o\000s}{chapter.9}% 77
\BOOKMARK [1][-]{section.9.2}{\376\377\000R\000e\000g\000l\000a\000s\000\040\000d\000e\000\040\000r\000o\000b\000u\000s\000t\000e\000z\000\040\000a\000p\000l\000i\000c\000a\000d\000a\000s}{chapter.9}% 78
\BOOKMARK [1][-]{section.9.3}{\376\377\000C\000\363\000d\000i\000g\000o\000\040\000P\000l\000a\000n\000t\000U\000M\000L\000\040\000d\000e\000l\000\040\000d\000i\000a\000g\000r\000a\000m\000a}{chapter.9}% 79
\BOOKMARK [0][-]{chapter.10}{\376\377\000D\000i\000a\000g\000r\000a\000m\000a\000\040\000d\000e\000\040\000C\000a\000s\000o\000s\000\040\000d\000e\000\040\000U\000s\000o}{}% 80
\BOOKMARK [1][-]{section.10.1}{\376\377\000T\000r\000a\000z\000a\000b\000i\000l\000i\000d\000a\000d\000\040\000c\000a\000s\000o\000s\000\040\000d\000e\000\040\000u\000s\000o\000\040\000v\000s\000\040\000r\000e\000q\000u\000e\000r\000i\000m\000i\000e\000n\000t\000o\000s\000\040\000f\000u\000n\000c\000i\000o\000n\000a\000l\000e\000s}{chapter.10}% 81
\BOOKMARK [0][-]{chapter.11}{\376\377\000M\000a\000q\000u\000e\000t\000a\000s\000\040\000d\000e\000\040\000I\000n\000t\000e\000r\000f\000a\000z\000\040\000\050\000U\000I\000/\000U\000X\000\051}{}% 82
\BOOKMARK [1][-]{section.11.1}{\376\377\000S\000i\000s\000t\000e\000m\000a\000\040\000d\000e\000\040\000D\000i\000s\000e\000\361\000o}{chapter.11}% 83
\BOOKMARK [2][-]{subsection.11.1.1}{\376\377\000F\000i\000l\000o\000s\000o\000f\000\355\000a\000\040\000v\000i\000s\000u\000a\000l}{section.11.1}% 84
\BOOKMARK [2][-]{subsection.11.1.2}{\376\377\000R\000e\000g\000l\000a\000s\000\040\000e\000x\000p\000l\000\355\000c\000i\000t\000a\000s\000\040\000d\000e\000l\000\040\000s\000i\000s\000t\000e\000m\000a}{section.11.1}% 85
\BOOKMARK [2][-]{subsection.11.1.3}{\376\377\000T\000i\000p\000o\000g\000r\000a\000f\000\355\000a}{section.11.1}% 86
\BOOKMARK [1][-]{section.11.2}{\376\377\000M\000a\000p\000a\000\040\000d\000e\000\040\000p\000a\000n\000t\000a\000l\000l\000a\000s}{chapter.11}% 87
\BOOKMARK [1][-]{section.11.3}{\376\377\000P\000o\000r\000t\000a\000l\000\040\000d\000e\000l\000\040\000P\000a\000c\000i\000e\000n\000t\000e\000\040\000\050\000M\000\363\000v\000i\000l\000\051}{chapter.11}% 88
\BOOKMARK [2][-]{subsection.11.3.1}{\376\377\000M\000-\0000\0001\000\040\040\024\000\040\000H\000o\000m\000e\000\040\000d\000e\000l\000\040\000P\000a\000c\000i\000e\000n\000t\000e}{section.11.3}% 89
\BOOKMARK [2][-]{subsection.11.3.2}{\376\377\000M\000-\0000\0002\000\040\040\024\000\040\000D\000e\000t\000a\000l\000l\000e\000\040\000d\000e\000\040\000E\000j\000e\000r\000c\000i\000c\000i\000o}{section.11.3}% 90
\BOOKMARK [2][-]{subsection.11.3.3}{\376\377\000M\000-\0000\0003\000\040\040\024\000\040\000R\000u\000t\000i\000n\000a\000\040\000a\000c\000t\000i\000v\000a\000:\000\040\000L\000o\000w\000e\000r\000\040\000B\000a\000c\000k\000\040\000R\000e\000c\000o\000v\000e\000r\000y}{section.11.3}% 91
\BOOKMARK [2][-]{subsection.11.3.4}{\376\377\000M\000-\0000\0004\000\040\040\024\000\040\000P\000r\000o\000g\000r\000e\000s\000o\000\040\000p\000e\000r\000s\000o\000n\000a\000l}{section.11.3}% 92
\BOOKMARK [2][-]{subsection.11.3.5}{\376\377\000M\000-\0000\0005\000\040\040\024\000\040\000R\000e\000g\000i\000s\000t\000r\000o\000\040\000d\000e\000\040\000F\000e\000e\000d\000b\000a\000c\000k}{section.11.3}% 93
\BOOKMARK [2][-]{subsection.11.3.6}{\376\377\000M\000-\0000\0006\000\040\040\024\000\040\000W\000e\000l\000l\000n\000e\000s\000s\000\040\000H\000u\000b}{section.11.3}% 94
\BOOKMARK [2][-]{subsection.11.3.7}{\376\377\000M\000-\0000\0007\000\040\040\024\000\040\000E\000j\000e\000r\000c\000i\000c\000i\000o\000\040\000g\000u\000i\000a\000d\000o\000:\000\040\000M\000o\000r\000n\000i\000n\000g\000\040\000S\000e\000r\000e\000n\000i\000t\000y}{section.11.3}% 95
\BOOKMARK [2][-]{subsection.11.3.8}{\376\377\000M\000-\0000\0008\000\040\040\024\000\040\000W\000e\000l\000l\000n\000e\000s\000s\000\040\000C\000h\000e\000c\000k\000-\000i\000n\000\040\000y\000\040\000J\000o\000u\000r\000n\000a\000l\000i\000n\000g}{section.11.3}% 96
\BOOKMARK [1][-]{section.11.4}{\376\377\000P\000o\000r\000t\000a\000l\000\040\000d\000e\000l\000\040\000T\000e\000r\000a\000p\000e\000u\000t\000a\000\040\000\050\000W\000e\000b\000\051}{chapter.11}% 97
\BOOKMARK [2][-]{subsection.11.4.1}{\376\377\000W\000-\0000\0001\000\040\040\024\000\040\000P\000a\000t\000i\000e\000n\000t\000\040\000D\000i\000r\000e\000c\000t\000o\000r\000y}{section.11.4}% 98
\BOOKMARK [2][-]{subsection.11.4.2}{\376\377\000W\000-\0000\0002\000\040\040\024\000\040\000P\000a\000t\000i\000e\000n\000t\000\040\000D\000e\000t\000a\000i\000l}{section.11.4}% 99
\BOOKMARK [2][-]{subsection.11.4.3}{\376\377\000W\000-\0000\0003\000\040\040\024\000\040\000R\000o\000u\000t\000i\000n\000e\000\040\000B\000u\000i\000l\000d\000e\000r}{section.11.4}% 100
\BOOKMARK [2][-]{subsection.11.4.4}{\376\377\000W\000-\0000\0004\000\040\040\024\000\040\000R\000o\000u\000t\000i\000n\000e\000\040\000B\000u\000i\000l\000d\000e\000r\000\040\000\050\000e\000s\000t\000a\000d\000o\000\040\000d\000r\000a\000g\000\040\000a\000c\000t\000i\000v\000o\000\051}{section.11.4}% 101
\BOOKMARK [2][-]{subsection.11.4.5}{\376\377\000W\000-\0000\0005\000\040\040\024\000\040\000R\000o\000u\000t\000i\000n\000e\000\040\000L\000i\000b\000r\000a\000r\000y}{section.11.4}% 102
\BOOKMARK [2][-]{subsection.11.4.6}{\376\377\000W\000-\0000\0006\000\040\040\024\000\040\000C\000l\000i\000n\000i\000c\000a\000l\000\040\000A\000n\000a\000l\000y\000t\000i\000c\000s}{section.11.4}% 103
\BOOKMARK [2][-]{subsection.11.4.7}{\376\377\000W\000-\0000\0007\000\040\040\024\000\040\000S\000e\000s\000i\000\363\000n\000\040\000C\000l\000\355\000n\000i\000c\000a\000\040\000A\000c\000t\000i\000v\000a}{section.11.4}% 104
\BOOKMARK [2][-]{subsection.11.4.8}{\376\377\000W\000-\0000\0008\000\040\040\024\000\040\000P\000l\000a\000n\000\040\000d\000e\000\040\000T\000r\000a\000t\000a\000m\000i\000e\000n\000t\000o}{section.11.4}% 105
\BOOKMARK [1][-]{section.11.5}{\376\377\000T\000r\000a\000z\000a\000b\000i\000l\000i\000d\000a\000d\000\040\000p\000a\000n\000t\000a\000l\000l\000a\000s\000\040\000v\000s\000\040\000r\000e\000q\000u\000e\000r\000i\000m\000i\000e\000n\000t\000o\000s\000\040\000f\000u\000n\000c\000i\000o\000n\000a\000l\000e\000s}{chapter.11}% 106
\BOOKMARK [1][-]{section.11.6}{\376\377\000A\000c\000c\000e\000s\000o\000\040\000a\000l\000\040\000p\000r\000o\000t\000o\000t\000i\000p\000o}{chapter.11}% 107
\BOOKMARK [0][-]{chapter.12}{\376\377\000D\000i\000a\000g\000r\000a\000m\000a\000\040\000d\000e\000\040\000E\000s\000t\000a\000d\000o\000s}{}% 108
\BOOKMARK [1][-]{section.12.1}{\376\377\000E\000s\000t\000a\000d\000o\000s\000\040\000p\000r\000i\000n\000c\000i\000p\000a\000l\000e\000s}{chapter.12}% 109
\BOOKMARK [1][-]{section.12.2}{\376\377\000D\000e\000c\000i\000s\000i\000o\000n\000e\000s\000\040\000d\000e\000\040\000m\000o\000d\000e\000l\000a\000d\000o}{chapter.12}% 110
\BOOKMARK [1][-]{section.12.3}{\376\377\000C\000\363\000d\000i\000g\000o\000\040\000P\000l\000a\000n\000t\000U\000M\000L\000\040\000d\000e\000l\000\040\000d\000i\000a\000g\000r\000a\000m\000a}{chapter.12}% 111
\BOOKMARK [0][-]{chapter.13}{\376\377\000D\000i\000a\000g\000r\000a\000m\000a\000s\000\040\000d\000e\000\040\000S\000e\000c\000u\000e\000n\000c\000i\000a}{}% 112
\BOOKMARK [1][-]{section.13.1}{\376\377\000F\000l\000u\000j\000o\000\040\0001\000:\000\040\000R\000e\000g\000i\000s\000t\000r\000o\000\040\000d\000e\000\040\000F\000e\000e\000d\000b\000a\000c\000k}{chapter.13}% 113
\BOOKMARK [2][-]{subsection.13.1.1}{\376\377\000P\000a\000r\000t\000i\000c\000i\000p\000a\000n\000t\000e\000s}{section.13.1}% 114
\BOOKMARK [2][-]{subsection.13.1.2}{\376\377\000D\000e\000s\000c\000r\000i\000p\000c\000i\000\363\000n\000\040\000d\000e\000l\000\040\000f\000l\000u\000j\000o}{section.13.1}% 115
\BOOKMARK [2][-]{subsection.13.1.3}{\376\377\000A\000s\000p\000e\000c\000t\000o\000s\000\040\000d\000e\000s\000t\000a\000c\000a\000d\000o\000s}{section.13.1}% 116
\BOOKMARK [1][-]{section.13.2}{\376\377\000F\000l\000u\000j\000o\000\040\0002\000:\000\040\000A\000s\000i\000g\000n\000a\000c\000i\000\363\000n\000\040\000d\000e\000\040\000R\000u\000t\000i\000n\000a}{chapter.13}% 117
\BOOKMARK [2][-]{subsection.13.2.1}{\376\377\000P\000a\000r\000t\000i\000c\000i\000p\000a\000n\000t\000e\000s}{section.13.2}% 118
\BOOKMARK [2][-]{subsection.13.2.2}{\376\377\000D\000e\000s\000c\000r\000i\000p\000c\000i\000\363\000n\000\040\000d\000e\000l\000\040\000f\000l\000u\000j\000o}{section.13.2}% 119
\BOOKMARK [2][-]{subsection.13.2.3}{\376\377\000A\000s\000p\000e\000c\000t\000o\000s\000\040\000d\000e\000s\000t\000a\000c\000a\000d\000o\000s}{section.13.2}% 120
\BOOKMARK [1][-]{section.13.3}{\376\377\000C\000\363\000d\000i\000g\000o\000\040\000P\000l\000a\000n\000t\000U\000M\000L\000\040\000d\000e\000\040\000l\000o\000s\000\040\000d\000i\000a\000g\000r\000a\000m\000a\000s}{chapter.13}% 121
\BOOKMARK [0][-]{chapter.14}{\376\377\000M\000o\000d\000e\000l\000o\000\040\000d\000e\000\040\000B\000a\000s\000e\000\040\000d\000e\000\040\000D\000a\000t\000o\000s\000\040\000\050\000E\000R\000D\000\051}{}% 122
\BOOKMARK [1][-]{section.14.1}{\376\377\000T\000a\000b\000l\000a\000s\000\040\000d\000e\000l\000\040\000m\000o\000d\000e\000l\000o}{chapter.14}% 123
\BOOKMARK [2][-]{subsection.14.1.1}{\376\377\000D\000o\000m\000i\000n\000i\000o\000\040\000d\000e\000\040\000U\000s\000u\000a\000r\000i\000o\000s}{section.14.1}% 124
\BOOKMARK [2][-]{subsection.14.1.2}{\376\377\000D\000o\000m\000i\000n\000i\000o\000\040\000C\000l\000\355\000n\000i\000c\000o}{section.14.1}% 125
\BOOKMARK [2][-]{subsection.14.1.3}{\376\377\000D\000o\000m\000i\000n\000i\000o\000\040\000d\000e\000\040\000R\000u\000t\000i\000n\000a\000s\000\040\000y\000\040\000E\000j\000e\000r\000c\000i\000c\000i\000o\000s}{section.14.1}% 126
\BOOKMARK [2][-]{subsection.14.1.4}{\376\377\000D\000o\000m\000i\000n\000i\000o\000\040\000d\000e\000\040\000S\000e\000g\000u\000i\000m\000i\000e\000n\000t\000o}{section.14.1}% 127
\BOOKMARK [2][-]{subsection.14.1.5}{\376\377\000D\000o\000m\000i\000n\000i\000o\000\040\000d\000e\000\040\000A\000g\000e\000n\000d\000a}{section.14.1}% 128
\BOOKMARK [1][-]{section.14.2}{\376\377\000D\000i\000a\000g\000r\000a\000m\000a\000\040\000E\000R\000D}{chapter.14}% 129
\BOOKMARK [1][-]{section.14.3}{\376\377\000C\000o\000n\000v\000e\000n\000c\000i\000o\000n\000e\000s\000\040\000a\000p\000l\000i\000c\000a\000d\000a\000s}{chapter.14}% 130
\BOOKMARK [1][-]{section.14.4}{\376\377\000C\000\363\000d\000i\000g\000o\000\040\000P\000l\000a\000n\000t\000U\000M\000L\000\040\000d\000e\000l\000\040\000d\000i\000a\000g\000r\000a\000m\000a}{chapter.14}% 131
\BOOKMARK [0][-]{chapter.A}{\376\377\000C\000o\000d\000i\000g\000o\000\040\000f\000u\000e\000n\000t\000e\000\040\000d\000e\000\040\000l\000o\000s\000\040\000d\000i\000a\000g\000r\000a\000m\000a\000s\000\040\000U\000M\000L}{}% 132
\BOOKMARK [1][-]{section.A.1}{\376\377\000L\000i\000s\000t\000a\000\040\000d\000e\000\040\000a\000r\000c\000h\000i\000v\000o\000s}{chapter.A}% 133
\BOOKMARK [1][-]{section.A.2}{\376\377\000C\000o\000m\000o\000\040\000c\000o\000m\000p\000i\000l\000a\000r\000\040\000l\000o\000s\000\040\000d\000i\000a\000g\000r\000a\000m\000a\000s}{chapter.A}% 134
\BOOKMARK [1][-]{section.A.3}{\376\377\000D\000i\000a\000g\000r\000a\000m\000a\000\040\000d\000e\000\040\000C\000l\000a\000s\000e\000s\000\040\000C\000o\000n\000c\000e\000p\000t\000u\000a\000l\000e\000s}{chapter.A}% 135
\BOOKMARK [1][-]{section.A.4}{\376\377\000C\0004\000\040\000N\000i\000v\000e\000l\000\040\0001\000:\000\040\000C\000o\000n\000t\000e\000x\000t\000o}{chapter.A}% 136
\BOOKMARK [1][-]{section.A.5}{\376\377\000C\0004\000\040\000N\000i\000v\000e\000l\000\040\0002\000:\000\040\000C\000o\000n\000t\000e\000n\000e\000d\000o\000r\000e\000s}{chapter.A}% 137
\BOOKMARK [1][-]{section.A.6}{\376\377\000C\0004\000\040\000N\000i\000v\000e\000l\000\040\0003\000:\000\040\000C\000o\000m\000p\000o\000n\000e\000n\000t\000e\000s}{chapter.A}% 138
\BOOKMARK [1][-]{section.A.7}{\376\377\000C\000a\000s\000o\000s\000\040\000d\000e\000\040\000U\000s\000o}{chapter.A}% 139
\BOOKMARK [1][-]{section.A.8}{\376\377\000C\000R\000C\000\040\000C\000a\000r\000d\000s}{chapter.A}% 140
\BOOKMARK [1][-]{section.A.9}{\376\377\000D\000i\000a\000g\000r\000a\000m\000a\000\040\000d\000e\000\040\000O\000b\000j\000e\000t\000o\000s}{chapter.A}% 141
\BOOKMARK [1][-]{section.A.10}{\376\377\000D\000i\000a\000g\000r\000a\000m\000a\000\040\000d\000e\000\040\000R\000o\000b\000u\000s\000t\000e\000z}{chapter.A}% 142
\BOOKMARK [1][-]{section.A.11}{\376\377\000D\000i\000a\000g\000r\000a\000m\000a\000\040\000d\000e\000\040\000E\000s\000t\000a\000d\000o\000s}{chapter.A}% 143
\BOOKMARK [1][-]{section.A.12}{\376\377\000S\000e\000c\000u\000e\000n\000c\000i\000a\000:\000\040\000A\000s\000i\000g\000n\000a\000c\000i\000\363\000n\000\040\000d\000e\000\040\000R\000u\000t\000i\000n\000a}{chapter.A}% 144
\BOOKMARK [1][-]{section.A.13}{\376\377\000S\000e\000c\000u\000e\000n\000c\000i\000a\000:\000\040\000R\000e\000g\000i\000s\000t\000r\000o\000\040\000d\000e\000\040\000F\000e\000e\000d\000b\000a\000c\000k}{chapter.A}% 145
\BOOKMARK [1][-]{section.A.14}{\376\377\000M\000o\000d\000e\000l\000o\000\040\000E\000R\000D}{chapter.A}% 146
